// Jest Snapshot v1, https://goo.gl/fbAQLP

exports[`Table.pagination renders pagination correctly 1`] = `
<div
  class="ant-table-wrapper"
>
  <div
    class="ant-spin-nested-loading"
  >
    <div
      class="ant-spin-container"
    >
      <div
        class="ant-table-filter-bar"
      >
        <div
          class="ant-table-filter-select"
        >
          <div
            class="ant-table-filter-select-icon"
          >
            <i
              class="icon icon-filter_list"
            />
          </div>
          <div
            class="ant-select ant-select-enabled ant-select-allow-clear ant-select-tags"
          >
            <div
              aria-autocomplete="list"
              aria-expanded="false"
              aria-haspopup="true"
              class="ant-select-selection
            ant-select-selection--multiple"
              role="combobox"
            >
              <div
                class="ant-select-selection__rendered"
              >
                <ul>
                  <li
                    class="ant-select-search ant-select-search--inline"
                  >
                    <div
                      class="ant-select-search__field__wrap"
                    >
                      <input
                        autocomplete="off"
                        class="ant-select-search__field"
                        value=""
                      />
                      <span
                        class="ant-select-search__field__mirror"
                      >
                        Â 
                      </span>
                    </div>
                  </li>
                </ul>
              </div>
            </div>
            <div
              class="ant-select-underline"
            >
              <span
                class="ant-select-ripple"
              />
            </div>
          </div>
          <div
            class="ant-table-filter-select-columns"
          />
        </div>
        <div
          class="ant-table-columns-chooser"
        >
          <button
            class="ant-btn ant-btn-circle ant-btn-sm ant-btn-icon-only ant-btn-flat"
            type="button"
          >
            <i
              class="icon icon-view_column"
            />
            <div
              class="ant-ripple-wrapper"
            />
          </button>
        </div>
      </div>
      <div
        class="ant-table ant-table-middle ant-table-scroll-position-left"
      >
        <div
          class="ant-table-content"
        >
          <div
            class="ant-table-body"
          >
            <table
              class=""
            >
              <colgroup>
                <col />
              </colgroup>
              <thead
                class="ant-table-thead"
              >
                <tr>
                  <th
                    class=""
                    tabindex="-1"
                  >
                    <span>
                      Name
                    </span>
                  </th>
                </tr>
              </thead>
              <tbody
                class="ant-table-tbody"
              >
                <tr
                  class="ant-table-row  ant-table-row-level-0"
                >
                  <td
                    class=""
                    tabindex="-1"
                  >
                    <span
                      class="ant-table-row-indent indent-level-0"
                      style="padding-left:0px"
                    />
                    Jack
                  </td>
                </tr>
                <tr
                  class="ant-table-row  ant-table-row-level-0"
                >
                  <td
                    class=""
                    tabindex="-1"
                  >
                    <span
                      class="ant-table-row-indent indent-level-0"
                      style="padding-left:0px"
                    />
                    Lucy
                  </td>
                </tr>
              </tbody>
            </table>
          </div>
        </div>
      </div>
      <ul
        class="ant-pagination my-page ant-table-pagination ant-pagination-middle ant-pagination-tiny"
        unselectable="unselectable"
      >
        <li
          class="ant-pagination-options"
        >
          <span
            class="ant-pagination-options-label"
          >
            Items / page
          </span>
          <div
            class="ant-pagination-options-size-changer ant-select ant-select-has-value ant-select-enabled"
          >
            <div
              aria-autocomplete="list"
              aria-expanded="false"
              aria-haspopup="true"
              class="ant-select-selection
            ant-select-selection--single"
              role="combobox"
              tabindex="0"
            >
              <div
                class="ant-select-selection__rendered"
              >
                <div
                  class="ant-select-selection-selected-value"
                  style="opacity:1"
                  title="2"
                >
                  2
                </div>
                <span
                  class="ant-select-arrow"
                  style="user-select:none;-webkit-user-select:none"
                  unselectable="unselectable"
                >
                  <i
                    class="icon icon-arrow_drop_down"
                  />
                  <b />
                </span>
              </div>
            </div>
            <div
              class="ant-select-underline"
            >
              <span
                class="ant-select-ripple"
              />
            </div>
          </div>
        </li>
        <li
          class="ant-pagination-total-text"
        >
          1 - 2 / 4
        </li>
        <li
          aria-disabled="true"
          class="ant-pagination-disabled ant-pagination-first"
          title="First Page"
        >
          <button
            class="ant-btn ant-btn-circle ant-btn-icon-only ant-btn-flat"
            disabled=""
            type="button"
          >
            <i
              class="icon icon-first_page"
            />
            <div
              class="ant-ripple-wrapper"
            />
          </button>
        </li>
        <li
          aria-disabled="true"
          class="ant-pagination-disabled ant-pagination-prev"
          title="Previous Page"
        >
          <button
            class="ant-btn ant-btn-circle ant-btn-icon-only ant-btn-flat"
            disabled=""
            type="button"
          >
            <i
              class="icon icon-navigate_before"
            />
            <div
              class="ant-ripple-wrapper"
            />
          </button>
        </li>
        <li
          aria-disabled="false"
          class=" ant-pagination-next"
          tabindex="0"
          title="Next Page"
        >
          <button
            class="ant-btn ant-btn-circle ant-btn-icon-only ant-btn-flat"
            type="button"
          >
            <i
              class="icon icon-navigate_next"
            />
            <div
              class="ant-ripple-wrapper"
            />
          </button>
        </li>
        <li
          aria-disabled="false"
          class=" ant-pagination-last"
          tabindex="0"
          title="Last Page"
        >
          <button
            class="ant-btn ant-btn-circle ant-btn-icon-only ant-btn-flat"
            type="button"
          >
            <i
              class="icon icon-last_page"
            />
            <div
              class="ant-ripple-wrapper"
            />
          </button>
        </li>
      </ul>
    </div>
  </div>
</div>
`;
